PART NAME      QTY  DATE                                                                                                  
P1             2    5-12-2017                                                                                        
Total parts for 5-12-2017 = 2
Total weight of parts for 5-12-2017 = 44.33 lb
Total length of parts for 5-12-2017 = 18.67 ft
------------------------------------------------------------
IMP1           1    7-25-2017                                                                                          
IMP2           1    7-25-2017                                                                                          
Total parts for 7-25-2017 = 2
Total weight of parts for 7-25-2017 = 0.00 lb
Total length of parts for 7-25-2017 = 80.00 ft
------------------------------------------------------------
P2             2    10-6-2017                                                                                        
Total parts for 10-6-2017 = 2
Total weight of parts for 10-6-2017 = 25.59 lb
Total length of parts for 10-6-2017 = 19.50 ft
------------------------------------------------------------
013-014311-1W6 1    9-6-2019                                                                                                    
013-014311-1W611    9-6-2019                                                                                                     
009-014311-1O6 1    9-6-2019                                                                                                    
009-014311-1O611    9-6-2019                                                                                                     
010-015364-1O7 1    9-6-2019                                                                                                    
010-014364-1O7 1    9-6-2019                                                                                                    
010-014364-1O711    9-6-2019                                                                                                     
006-007707-1O1 1    9-6-2019                                                                                                    
006-007707-1O111    9-6-2019                                                                                                     
002-004924-3O1 8    9-6-2019                                                                                                    
002-004924-3O118    9-6-2019                                                                                                     
005-014364-1M7 2    9-6-2019                                                                                                    
005-014364-1M712    9-6-2019                                                                                                     
001-007707-1M112    9-6-2019                                                                                                     
004-014311-1M6 2    9-6-2019                                                                                                    
004-014311-1M614    9-6-2019                                                                                                     
Total parts for 9-6-2019 = 37
Total weight of parts for 9-6-2019 = 0.00 lb
Total length of parts for 9-6-2019 = 378.21 ft
------------------------------------------------------------
Total Shear Hits = 52
Run Time = 0 Days  00 Hours  52 Mins  04 Secs
